// Jest Snapshot v1, https://goo.gl/fbAQLP

exports[`Matches the snapshot 1`] = `
<section
  class="hide-on-mobile"
>
  <div
    class="left-right"
  >
    <div
      class="left"
    >
      <span
        class="icon-wrapper"
      >
        <svg
          class="icon"
        >
          <use
            xlink:href="#icon-arrow"
          />
        </svg>
      </span>
    </div>
    <div
      class="right"
    >
      <span
        class="icon-wrapper"
      >
        <svg
          class="icon"
        >
          <use
            xlink:href="#icon-arrow"
          />
        </svg>
      </span>
    </div>
  </div>
</section>
`;
