// Jest Snapshot v1, https://goo.gl/fbAQLP

exports[`Matches the snapshot 1`] = `
<div
  class="meal"
>
  <h3>
    <span
      class="icon-wrapper circle-icon"
    >
      <svg
        class="icon"
      >
        <use
          xlink:href="#icon-spoon-knife"
        />
      </svg>
    </span>
    Diner
  </h3>
  <div
    class="mealContent"
  >
    <ul>
      <li>
        <span>
          evening Meal 1
        </span>
        <div
          class="actions"
        >
          <div
            class="food-type-picker"
          >
            <a
              role="button"
            >
              <span
                class="icon-wrapperundefined"
              >
                <svg
                  class="icon"
                >
                  <use
                    xlink:href="#icon-price-tag"
                  />
                </svg>
              </span>
            </a>
          </div>
          <a
            role="button"
          >
            <span
              class="icon-wrapperundefined"
            >
              <svg
                class="icon"
              >
                <use
                  xlink:href="#icon-bin"
                />
              </svg>
            </span>
          </a>
        </div>
      </li>
      <li>
        <span>
          evening Meal 2
        </span>
        <div
          class="actions"
        >
          <div
            class="food-type-picker"
          >
            <a
              role="button"
            >
              <span
                class="icon-wrapperundefined"
              >
                <svg
                  class="icon"
                >
                  <use
                    xlink:href="#icon-price-tag"
                  />
                </svg>
              </span>
            </a>
          </div>
          <a
            role="button"
          >
            <span
              class="icon-wrapperundefined"
            >
              <svg
                class="icon"
              >
                <use
                  xlink:href="#icon-bin"
                />
              </svg>
            </span>
          </a>
        </div>
      </li>
    </ul>
    <input
      placeholder="What else...?"
      type="text"
    />
  </div>
</div>
`;
