// Jest Snapshot v1, https://goo.gl/fbAQLP

exports[`Matches the snapshot 1`] = `
<section
  class="day"
>
  <h2>
    Thursday 7th June
  </h2>
  <div
    class="meal"
  >
    <h3>
      <span
        class="icon-wrapper circle-icon"
      >
        <svg
          class="icon"
        >
          <use
            xlink:href="#icon-spoon-knife"
          />
        </svg>
      </span>
      Breakfast
    </h3>
    <div
      class="mealContent"
    >
      <ul>
        <li>
          <span>
            morning Meal 1
          </span>
          <div
            class="actions"
          >
            <div
              class="food-type-picker"
            >
              <a
                role="button"
              >
                <span
                  class="icon-wrapper"
                >
                  <svg
                    class="icon"
                  >
                    <use
                      xlink:href="#icon-price-tag"
                    />
                  </svg>
                </span>
              </a>
            </div>
            <a
              role="button"
            >
              <span
                class="icon-wrapper"
              >
                <svg
                  class="icon"
                >
                  <use
                    xlink:href="#icon-bin"
                  />
                </svg>
              </span>
            </a>
          </div>
        </li>
      </ul>
      <input
        placeholder="What else...?"
        type="text"
      />
    </div>
  </div>
  <div
    class="meal"
  >
    <h3>
      <span
        class="icon-wrapper circle-icon"
      >
        <svg
          class="icon"
        >
          <use
            xlink:href="#icon-spoon-knife"
          />
        </svg>
      </span>
      Lunch
    </h3>
    <div
      class="mealContent"
    >
      <ul />
      <input
        placeholder="What did you eat?"
        type="text"
      />
    </div>
  </div>
  <div
    class="meal"
  >
    <h3>
      <span
        class="icon-wrapper circle-icon"
      >
        <svg
          class="icon"
        >
          <use
            xlink:href="#icon-mug"
          />
        </svg>
      </span>
      Snack
    </h3>
    <div
      class="mealContent"
    >
      <ul />
      <input
        placeholder="What did you eat?"
        type="text"
      />
    </div>
  </div>
  <div
    class="meal"
  >
    <h3>
      <span
        class="icon-wrapper circle-icon"
      >
        <svg
          class="icon"
        >
          <use
            xlink:href="#icon-spoon-knife"
          />
        </svg>
      </span>
      Diner
    </h3>
    <div
      class="mealContent"
    >
      <ul>
        <li>
          <span>
            evening Meal 1
          </span>
          <div
            class="actions"
          >
            <div
              class="food-type-picker"
            >
              <a
                role="button"
              >
                <span
                  class="icon-wrapper"
                >
                  <svg
                    class="icon"
                  >
                    <use
                      xlink:href="#icon-price-tag"
                    />
                  </svg>
                </span>
              </a>
            </div>
            <a
              role="button"
            >
              <span
                class="icon-wrapper"
              >
                <svg
                  class="icon"
                >
                  <use
                    xlink:href="#icon-bin"
                  />
                </svg>
              </span>
            </a>
          </div>
        </li>
        <li>
          <span>
            evening Meal 2
          </span>
          <div
            class="actions"
          >
            <div
              class="food-type-picker"
            >
              <a
                role="button"
              >
                <span
                  class="icon-wrapper"
                >
                  <svg
                    class="icon"
                  >
                    <use
                      xlink:href="#icon-price-tag"
                    />
                  </svg>
                </span>
              </a>
            </div>
            <a
              role="button"
            >
              <span
                class="icon-wrapper"
              >
                <svg
                  class="icon"
                >
                  <use
                    xlink:href="#icon-bin"
                  />
                </svg>
              </span>
            </a>
          </div>
        </li>
      </ul>
      <input
        placeholder="What else...?"
        type="text"
      />
    </div>
  </div>
  <h3>
    <span
      class="icon-wrapper circle-icon"
    >
      <svg
        class="icon"
      >
        <use
          xlink:href="#icon-pencil"
        />
      </svg>
    </span>
    Notes
  </h3>
  <textarea />
</section>
`;
