// Jest Snapshot v1, https://goo.gl/fbAQLP

exports[`Matches the snapshot 1`] = `
<section
  class="stats"
>
  <ul
    class="control"
  >
    <li
      class="selected"
    >
      Day
    </li>
    <li
      class="false"
    >
      Week
    </li>
    <li
      class="false"
    >
      Month
    </li>
  </ul>
  <div
    class="pie"
  >
    <span
      class="icon-wrapper"
    >
      <svg
        class="icon"
      >
        <use
          xlink:href="#icon-question"
        />
      </svg>
    </span>
  </div>
</section>
`;
