// Jest Snapshot v1, https://goo.gl/fbAQLP

exports[`Matches the snapshot 1`] = `
<div
  class="food-type-picker"
>
  <a
    role="button"
  >
    <span
      class="icon-wrapperundefined"
    >
      <svg
        class="icon"
      >
        <use
          xlink:href="#icon-price-tag"
        />
      </svg>
    </span>
  </a>
</div>
`;
